// Jest Snapshot v1, https://goo.gl/fbAQLP

exports[`HelloWorld HelloWorld Text 1`] = `
<App>
  <p>
    <span
      className="world-highlight"
    >
      Hello World!
    </span>
     This is a simple test page to show a LabKey HTML view built with React.
  </p>
</App>
`;
